---
http_interactions:
- request:
    method: get
    uri: http://pokeapi.co/api/v2/move-ailment?limit=50&offset=0
    body:
      encoding: UTF-8
      string: ''
    headers:
      User-Agent:
      - HTTPClient/1.0 (2.8.3, ruby 2.4.4 (2018-03-28))
      Accept:
      - "*/*"
      Date:
      - Mon, 10 Sep 2018 01:35:50 GMT
  response:
    status:
      code: 301
      message: Moved Permanently
    headers:
      Date:
      - Mon, 10 Sep 2018 01:35:50 GMT
      Transfer-Encoding:
      - chunked
      Connection:
      - keep-alive
      Cache-Control:
      - max-age=3600
      Expires:
      - Mon, 10 Sep 2018 02:35:50 GMT
      Location:
      - https://pokeapi.co/api/v2/move-ailment?limit=50&offset=0
      Server:
      - cloudflare
      Cf-Ray:
      - 457e290343c45a4a-BOS
    body:
      encoding: UTF-8
      string: ''
    http_version: 
  recorded_at: Mon, 10 Sep 2018 01:35:50 GMT
- request:
    method: get
    uri: https://pokeapi.co/api/v2/move-ailment?limit=50&offset=0
    body:
      encoding: UTF-8
      string: ''
    headers:
      User-Agent:
      - HTTPClient/1.0 (2.8.3, ruby 2.4.4 (2018-03-28))
      Accept:
      - "*/*"
      Date:
      - Mon, 10 Sep 2018 01:35:50 GMT
      Cookie:
      - __cfduid=d61f5eb155365ab7b4506f58fff76348b1536543323
  response:
    status:
      code: 301
      message: MOVED PERMANENTLY
    headers:
      Date:
      - Mon, 10 Sep 2018 01:35:50 GMT
      Content-Type:
      - text/html; charset=utf-8
      Transfer-Encoding:
      - chunked
      Connection:
      - keep-alive
      X-Frame-Options:
      - SAMEORIGIN
      Location:
      - https://pokeapi.co/api/v2/move-ailment/?limit=50&offset=0
      X-Xss-Protection:
      - 1; mode=block
      Expect-Ct:
      - max-age=604800, report-uri="https://report-uri.cloudflare.com/cdn-cgi/beacon/expect-ct"
      Server:
      - cloudflare
      Cf-Ray:
      - 457e29036865ae44-BOS
    body:
      encoding: UTF-8
      string: ''
    http_version: 
  recorded_at: Mon, 10 Sep 2018 01:35:50 GMT
- request:
    method: get
    uri: https://pokeapi.co/api/v2/move-ailment/?limit=50&offset=0
    body:
      encoding: UTF-8
      string: ''
    headers:
      User-Agent:
      - HTTPClient/1.0 (2.8.3, ruby 2.4.4 (2018-03-28))
      Accept:
      - "*/*"
      Date:
      - Mon, 10 Sep 2018 01:35:50 GMT
      Cookie:
      - __cfduid=d61f5eb155365ab7b4506f58fff76348b1536543323
  response:
    status:
      code: 200
      message: OK
    headers:
      Date:
      - Mon, 10 Sep 2018 01:35:50 GMT
      Content-Type:
      - application/json
      Transfer-Encoding:
      - chunked
      Connection:
      - keep-alive
      Vary:
      - Accept-Encoding
      - Cookie
      X-Frame-Options:
      - SAMEORIGIN
      Allow:
      - GET, HEAD, OPTIONS
      X-Xss-Protection:
      - 1; mode=block
      Expect-Ct:
      - max-age=604800, report-uri="https://report-uri.cloudflare.com/cdn-cgi/beacon/expect-ct"
      Server:
      - cloudflare
      Cf-Ray:
      - 457e2904993eae44-BOS
    body:
      encoding: UTF-8
      string: '{"count":21,"previous":null,"results":[{"url":"https:\/\/pokeapi.co\/api\/v2\/move-ailment\/-1\/","name":"unknown"},{"url":"https:\/\/pokeapi.co\/api\/v2\/move-ailment\/0\/","name":"none"},{"url":"https:\/\/pokeapi.co\/api\/v2\/move-ailment\/1\/","name":"paralysis"},{"url":"https:\/\/pokeapi.co\/api\/v2\/move-ailment\/2\/","name":"sleep"},{"url":"https:\/\/pokeapi.co\/api\/v2\/move-ailment\/3\/","name":"freeze"},{"url":"https:\/\/pokeapi.co\/api\/v2\/move-ailment\/4\/","name":"burn"},{"url":"https:\/\/pokeapi.co\/api\/v2\/move-ailment\/5\/","name":"poison"},{"url":"https:\/\/pokeapi.co\/api\/v2\/move-ailment\/6\/","name":"confusion"},{"url":"https:\/\/pokeapi.co\/api\/v2\/move-ailment\/7\/","name":"infatuation"},{"url":"https:\/\/pokeapi.co\/api\/v2\/move-ailment\/8\/","name":"trap"},{"url":"https:\/\/pokeapi.co\/api\/v2\/move-ailment\/9\/","name":"nightmare"},{"url":"https:\/\/pokeapi.co\/api\/v2\/move-ailment\/12\/","name":"torment"},{"url":"https:\/\/pokeapi.co\/api\/v2\/move-ailment\/13\/","name":"disable"},{"url":"https:\/\/pokeapi.co\/api\/v2\/move-ailment\/14\/","name":"yawn"},{"url":"https:\/\/pokeapi.co\/api\/v2\/move-ailment\/15\/","name":"heal-block"},{"url":"https:\/\/pokeapi.co\/api\/v2\/move-ailment\/17\/","name":"no-type-immunity"},{"url":"https:\/\/pokeapi.co\/api\/v2\/move-ailment\/18\/","name":"leech-seed"},{"url":"https:\/\/pokeapi.co\/api\/v2\/move-ailment\/19\/","name":"embargo"},{"url":"https:\/\/pokeapi.co\/api\/v2\/move-ailment\/20\/","name":"perish-song"},{"url":"https:\/\/pokeapi.co\/api\/v2\/move-ailment\/21\/","name":"ingrain"},{"url":"https:\/\/pokeapi.co\/api\/v2\/move-ailment\/24\/","name":"silence"}],"next":null}'
    http_version: 
  recorded_at: Mon, 10 Sep 2018 01:35:50 GMT
recorded_with: VCR 4.0.0
